../Core/Src/main.c:80:6:HAL_CAN_RxFifo0MsgPendingCallback	16	static
../Core/Src/main.c:97:5:main	280	static
../Core/Src/main.c:215:6:SystemClock_Config	88	static
../Core/Src/main.c:261:13:MX_CAN1_Init	48	static
../Core/Src/main.c:311:13:MX_TIM1_Init	80	static
../Core/Src/main.c:376:13:MX_USART1_UART_Init	8	static
../Core/Src/main.c:409:13:MX_USART2_UART_Init	8	static
../Core/Src/main.c:442:13:MX_USART3_UART_Init	8	static
../Core/Src/main.c:475:13:MX_GPIO_Init	48	static
../Core/Src/main.c:520:6:Error_Handler	4	static,ignoring_inline_asm
