2026-02-05 18:19:30,524 [INFO] Activator:176 - 


2026-02-05 18:19:30,528 [INFO] Activator:177 - !SESSION log4j initialized
2026-02-05 18:19:36,798 [INFO] LogOutputStream:77 - [STDOUT_REDIRECT] 
2026-02-05 18:19:37,713 [INFO] ApplicationProperties:184 - Using Application install path: /opt/st/stm32cubeide_1.19.0/plugins/com.st.stm32cube.common.mx_6.15.0.202507011659
2026-02-05 18:19:37,747 [INFO] DbMcusXml:78 - Set database path to: /opt/st/stm32cubeide_1.19.0/plugins/com.st.stm32cube.common.mx_6.15.0.202507011659//db//mcu/
2026-02-05 18:19:37,747 [INFO] ApiDb:274 - Set plugin database path to: /opt/st/stm32cubeide_1.19.0/plugins/com.st.stm32cube.common.mx_6.15.0.202507011659//db//plugins/boardmanager/
2026-02-05 18:19:37,748 [WARN] ApiDb:259 - Overriding images path with different value:  => /opt/st/stm32cubeide_1.19.0/plugins/com.st.stm32cube.common.mx_6.15.0.202507011659//db//plugins/mcufinder/images/
2026-02-05 18:19:37,762 [INFO] ApiDb:250 - Set database path to: /home/krushna/.stmcufinder/plugins/mcufinder//mcu/
2026-02-05 18:19:37,766 [INFO] DbMcusAds:125 - Set database path to: /home/krushna/.stmcufinder/plugins/mcufinder//mcu/
2026-02-05 18:19:37,770 [INFO] CrossReferenceDbSqlite:203 - Set database path to: /home/krushna/.stmcufinder/plugins/mcufinder//mcu/cs/
2026-02-05 18:19:37,939 [INFO] RulesReader:64 - Compatibility file has been processed (317 Rules)
2026-02-05 18:19:38,013 [INFO] DbMcusXml:78 - Set database path to: /opt/st/stm32cubeide_1.19.0/plugins/com.st.stm32cube.common.mx_6.15.0.202507011659//db//mcu/
2026-02-05 18:19:38,013 [INFO] ApiDb:274 - Set plugin database path to: /opt/st/stm32cubeide_1.19.0/plugins/com.st.stm32cube.common.mx_6.15.0.202507011659//db//plugins/boardmanager/
2026-02-05 18:19:38,013 [INFO] ApiDb:261 - Set plugin images path to: /opt/st/stm32cubeide_1.19.0/plugins/com.st.stm32cube.common.mx_6.15.0.202507011659//db//plugins/mcufinder/images/
2026-02-05 18:19:38,013 [WARN] DbFile:41 - Overriding database path with different value: /home/krushna/.stmcufinder/plugins/mcufinder/ => /home/krushna/.stmcufinder/plugins/mcufinder
2026-02-05 18:19:38,013 [INFO] ApiDb:250 - Set database path to: /home/krushna/.stmcufinder/plugins/mcufinder//mcu/
2026-02-05 18:19:38,013 [WARN] DbFile:41 - Overriding database path with different value: /home/krushna/.stmcufinder/plugins/mcufinder/ => /home/krushna/.stmcufinder/plugins/mcufinder
2026-02-05 18:19:38,014 [INFO] DbMcusAds:125 - Set database path to: /home/krushna/.stmcufinder/plugins/mcufinder//mcu/
2026-02-05 18:19:38,014 [WARN] DbFile:41 - Overriding database path with different value: /home/krushna/.stmcufinder/plugins/mcufinder/ => /home/krushna/.stmcufinder/plugins/mcufinder
2026-02-05 18:19:38,014 [WARN] DbFile:41 - Overriding database path with different value: /home/krushna/.stmcufinder/plugins/mcufinder/ => /home/krushna/.stmcufinder/plugins/mcufinder
2026-02-05 18:19:38,014 [INFO] CrossReferenceDbSqlite:203 - Set database path to: /home/krushna/.stmcufinder/plugins/mcufinder//mcu/cs/
2026-02-05 18:19:38,085 [INFO] MainPanel:274 - HeapMemory: 268435456
2026-02-05 18:19:38,279 [INFO] DbMcusXml:78 - Set database path to: /opt/st/stm32cubeide_1.19.0/plugins/com.st.stm32cube.common.mx_6.15.0.202507011659//db//mcu/
2026-02-05 18:19:38,279 [INFO] ApiDb:274 - Set plugin database path to: /opt/st/stm32cubeide_1.19.0/plugins/com.st.stm32cube.common.mx_6.15.0.202507011659//db//plugins/boardmanager/
2026-02-05 18:19:38,280 [INFO] ApiDb:261 - Set plugin images path to: /opt/st/stm32cubeide_1.19.0/plugins/com.st.stm32cube.common.mx_6.15.0.202507011659//db//plugins/mcufinder/images/
2026-02-05 18:19:38,280 [WARN] DbFile:41 - Overriding database path with different value: /home/krushna/.stmcufinder/plugins/mcufinder/ => /home/krushna/.stmcufinder/plugins/mcufinder
2026-02-05 18:19:38,280 [INFO] ApiDb:250 - Set database path to: /home/krushna/.stmcufinder/plugins/mcufinder//mcu/
2026-02-05 18:19:38,280 [WARN] DbFile:41 - Overriding database path with different value: /home/krushna/.stmcufinder/plugins/mcufinder/ => /home/krushna/.stmcufinder/plugins/mcufinder
2026-02-05 18:19:38,280 [INFO] DbMcusAds:125 - Set database path to: /home/krushna/.stmcufinder/plugins/mcufinder//mcu/
2026-02-05 18:19:38,280 [WARN] DbFile:41 - Overriding database path with different value: /home/krushna/.stmcufinder/plugins/mcufinder/ => /home/krushna/.stmcufinder/plugins/mcufinder
2026-02-05 18:19:38,280 [WARN] DbFile:41 - Overriding database path with different value: /home/krushna/.stmcufinder/plugins/mcufinder/ => /home/krushna/.stmcufinder/plugins/mcufinder
2026-02-05 18:19:38,280 [INFO] CrossReferenceDbSqlite:203 - Set database path to: /home/krushna/.stmcufinder/plugins/mcufinder//mcu/cs/
2026-02-05 18:19:38,301 [INFO] ApplicationProperties:184 - Using Application install path: /opt/st/stm32cubeide_1.19.0/plugins/com.st.stm32cube.common.mx_6.15.0.202507011659
2026-02-05 18:19:38,303 [INFO] PluginManage:196 - Search for loadable plugins [exclusion list=, ]
2026-02-05 18:19:38,305 [INFO] PluginManage:310 - Check plugin analytics
2026-02-05 18:19:38,591 [INFO] AnalyticsPlugin:253 - Accepted Software Licenses: 
2026-02-05 18:19:38,592 [INFO] AnalyticsPlugin:255 - Accepted CMSIS Pack Licenses: 
2026-02-05 18:19:38,592 [INFO] AnalyticsPlugin:257 - Accepted Firmware Licenses: FW.F4.1.28.0
2026-02-05 18:19:38,596 [INFO] PluginManage:359 - Loaded plugin analytics (category:tool,tabindex:-1)
2026-02-05 18:19:38,596 [INFO] PluginManage:310 - Check plugin cadmodel
2026-02-05 18:19:38,606 [INFO] CADModel:105 - Init CAD model plugin
2026-02-05 18:19:38,606 [INFO] PluginManage:359 - Loaded plugin cadmodel (category:power,tabindex:5)
2026-02-05 18:19:38,607 [INFO] PluginManage:310 - Check plugin clock
2026-02-05 18:19:38,621 [INFO] PluginManage:359 - Loaded plugin clock (category:base,tabindex:2)
2026-02-05 18:19:38,621 [INFO] PluginManage:310 - Check plugin ddr
2026-02-05 18:19:38,625 [INFO] PluginManage:359 - Loaded plugin ddr (category:tool,tabindex:6)
2026-02-05 18:19:38,626 [INFO] PluginManage:310 - Check plugin filemanager
2026-02-05 18:19:38,810 [INFO] PluginManage:359 - Loaded plugin filemanager (category:base,tabindex:10)
2026-02-05 18:19:38,810 [INFO] PluginManage:310 - Check plugin ipmanager
2026-02-05 18:19:38,818 [INFO] PluginManage:359 - Loaded plugin ipmanager (category:base,tabindex:5)
2026-02-05 18:19:38,818 [INFO] PluginManage:310 - Check plugin lpbam
2026-02-05 18:19:38,836 [INFO] PluginManage:359 - Loaded plugin lpbam (category:base,tabindex:0)
2026-02-05 18:19:38,836 [INFO] PluginManage:310 - Check plugin memorymap
2026-02-05 18:19:38,856 [INFO] PluginManage:359 - Loaded plugin memorymap (category:base,tabindex:4)
2026-02-05 18:19:38,856 [INFO] PluginManage:310 - Check plugin pinoutandconfiguration
2026-02-05 18:19:38,870 [INFO] PluginManage:359 - Loaded plugin pinoutandconfiguration (category:base,tabindex:1)
2026-02-05 18:19:38,870 [INFO] PluginManage:310 - Check plugin pinoutconfig
2026-02-05 18:19:38,987 [WARN] SupportedApi:132 - Cannot load RTOS API schema: s4s-elt-must-match.1: The content of 'definitions' must match (annotation?, (simpleType | complexType)?, (unique | key | keyref)*)). A problem was found starting at: attribute.
2026-02-05 18:19:39,223 [INFO] PluginManage:359 - Loaded plugin pinoutconfig (category:base,tabindex:0)
2026-02-05 18:19:39,223 [INFO] PluginManage:310 - Check plugin power
2026-02-05 18:19:39,242 [INFO] PluginManage:359 - Loaded plugin power (category:power,tabindex:4)
2026-02-05 18:19:39,242 [INFO] PluginManage:310 - Check plugin projectmanager
2026-02-05 18:19:39,266 [INFO] PluginManage:359 - Loaded plugin projectmanager (category:projectmanager,tabindex:4)
2026-02-05 18:19:39,267 [INFO] PluginManage:310 - Check plugin rif
2026-02-05 18:19:39,286 [INFO] PluginManage:359 - Loaded plugin rif (category:base,tabindex:3)
2026-02-05 18:19:39,286 [INFO] PluginManage:310 - Check plugin thirdparty
2026-02-05 18:19:39,572 [WARN] IntegrityCheckThread:84 - waiting for thirdparty lock release [integrity check]
2026-02-05 18:19:39,573 [INFO] IntegrityCheckThread:86 - entering critical section [integrity check]
2026-02-05 18:19:39,573 [INFO] ThirdPartyUpdaterWithRetryManager:70 - Updater plugin not ready yet. [1/15]
2026-02-05 18:19:39,574 [INFO] PluginManage:359 - Loaded plugin thirdparty (category:base,tabindex:-1)
2026-02-05 18:19:39,574 [INFO] PluginManage:310 - Check plugin tools
2026-02-05 18:19:39,577 [INFO] PluginManage:359 - Loaded plugin tools (category:base,tabindex:7)
2026-02-05 18:19:39,577 [INFO] PluginManage:310 - Check plugin tutovideos
2026-02-05 18:19:39,913 [INFO] PluginManage:359 - Loaded plugin tutovideos (category:base,tabindex:-1)
2026-02-05 18:19:39,914 [INFO] PluginManage:310 - Check plugin updater
2026-02-05 18:19:39,954 [INFO] PluginManage:359 - Loaded plugin updater (category:base,tabindex:12)
2026-02-05 18:19:39,954 [INFO] PluginManage:310 - Check plugin userauth
2026-02-05 18:19:39,961 [INFO] UserAuth:118 - Init User Auth plugin
2026-02-05 18:19:39,965 [INFO] PluginManage:359 - Loaded plugin userauth (category:base,tabindex:14)
2026-02-05 18:19:39,966 [INFO] PluginManage:283 - PluginManage : Loaded plugins [18]
2026-02-05 18:19:40,262 [INFO] PinOutPanel:1589 - setPackage(No Configuration,No Configuration)
2026-02-05 18:19:40,349 [INFO] CADModel:165 - CPN selected for project level
2026-02-05 18:19:40,349 [INFO] CADModel:114 - Register for checkConnection events
2026-02-05 18:19:40,364 [INFO] IPUIPlugin:80 - create IPUIPlugin
2026-02-05 18:19:40,364 [INFO] PluginManager:220 - loadIPPluginJar : add tsc
2026-02-05 18:19:40,371 [INFO] IPUIPlugin:80 - create IPUIPlugin
2026-02-05 18:19:40,372 [INFO] PluginManager:220 - loadIPPluginJar : add gpio
2026-02-05 18:19:40,384 [INFO] IPUIPlugin:80 - create IPUIPlugin
2026-02-05 18:19:40,384 [INFO] PluginManager:220 - loadIPPluginJar : add linkedlist
2026-02-05 18:19:40,396 [INFO] IPUIPlugin:80 - create IPUIPlugin
2026-02-05 18:19:40,396 [INFO] PluginManager:220 - loadIPPluginJar : add fmc
2026-02-05 18:19:40,406 [INFO] IPUIPlugin:80 - create IPUIPlugin
2026-02-05 18:19:40,410 [INFO] PluginManager:220 - loadIPPluginJar : add plateformsettings
2026-02-05 18:19:40,413 [INFO] IPUIPlugin:80 - create IPUIPlugin
2026-02-05 18:19:40,414 [INFO] PluginManager:220 - loadIPPluginJar : add cryp
2026-02-05 18:19:40,418 [INFO] IPUIPlugin:80 - create IPUIPlugin
2026-02-05 18:19:40,418 [INFO] PluginManager:220 - loadIPPluginJar : add i2c
2026-02-05 18:19:40,421 [INFO] IPUIPlugin:80 - create IPUIPlugin
2026-02-05 18:19:40,422 [INFO] PluginManager:220 - loadIPPluginJar : add lorawan
2026-02-05 18:19:40,426 [INFO] IPUIPlugin:80 - create IPUIPlugin
2026-02-05 18:19:40,427 [INFO] PluginManager:220 - loadIPPluginJar : add touchsensing
2026-02-05 18:19:40,429 [INFO] IPUIPlugin:80 - create IPUIPlugin
2026-02-05 18:19:40,429 [INFO] PluginManager:220 - loadIPPluginJar : add ltdc
2026-02-05 18:19:40,433 [INFO] IPUIPlugin:80 - create IPUIPlugin
2026-02-05 18:19:40,433 [INFO] PluginManager:220 - loadIPPluginJar : add i2s
2026-02-05 18:19:40,435 [INFO] IPUIPlugin:80 - create IPUIPlugin
2026-02-05 18:19:40,435 [INFO] PluginManager:220 - loadIPPluginJar : add fatfs
2026-02-05 18:19:40,444 [INFO] IPUIPlugin:80 - create IPUIPlugin
2026-02-05 18:19:40,444 [INFO] PluginManager:220 - loadIPPluginJar : add mdma
2026-02-05 18:19:40,447 [INFO] IPUIPlugin:80 - create IPUIPlugin
2026-02-05 18:19:40,447 [INFO] PluginManager:220 - loadIPPluginJar : add ts
2026-02-05 18:19:40,450 [INFO] IPUIPlugin:80 - create IPUIPlugin
2026-02-05 18:19:40,450 [INFO] PluginManager:220 - loadIPPluginJar : add ucpd
2026-02-05 18:19:40,453 [INFO] IPUIPlugin:80 - create IPUIPlugin
2026-02-05 18:19:40,454 [INFO] PluginManager:220 - loadIPPluginJar : add radio
2026-02-05 18:19:40,460 [INFO] IPUIPlugin:80 - create IPUIPlugin
2026-02-05 18:19:40,460 [INFO] PluginManager:220 - loadIPPluginJar : add ipddr
2026-02-05 18:19:40,470 [INFO] IPUIPlugin:80 - create IPUIPlugin
2026-02-05 18:19:40,470 [INFO] PluginManager:220 - loadIPPluginJar : add nvic
2026-02-05 18:19:40,475 [INFO] IPUIPlugin:80 - create IPUIPlugin
2026-02-05 18:19:40,476 [INFO] PluginManager:220 - loadIPPluginJar : add ddr_ctrl_phy
2026-02-05 18:19:40,482 [INFO] IPUIPlugin:80 - create IPUIPlugin
2026-02-05 18:19:40,482 [INFO] PluginManager:220 - loadIPPluginJar : add opamp
2026-02-05 18:19:40,487 [INFO] IPUIPlugin:80 - create IPUIPlugin
2026-02-05 18:19:40,487 [INFO] PluginManager:220 - loadIPPluginJar : add usart
2026-02-05 18:19:40,498 [INFO] IPUIPlugin:80 - create IPUIPlugin
2026-02-05 18:19:40,499 [INFO] PluginManager:220 - loadIPPluginJar : add freertos
2026-02-05 18:19:40,506 [INFO] IPUIPlugin:80 - create IPUIPlugin
2026-02-05 18:19:40,506 [INFO] PluginManager:220 - loadIPPluginJar : add usbx
2026-02-05 18:19:40,512 [INFO] IPUIPlugin:80 - create IPUIPlugin
2026-02-05 18:19:40,512 [INFO] PluginManager:220 - loadIPPluginJar : add sai
2026-02-05 18:19:40,518 [INFO] IPUIPlugin:80 - create IPUIPlugin
2026-02-05 18:19:40,518 [INFO] PluginManager:220 - loadIPPluginJar : add hash
2026-02-05 18:19:40,522 [INFO] IPUIPlugin:80 - create IPUIPlugin
2026-02-05 18:19:40,523 [INFO] PluginManager:220 - loadIPPluginJar : add openamp
2026-02-05 18:19:40,532 [INFO] IPUIPlugin:80 - create IPUIPlugin
2026-02-05 18:19:40,533 [INFO] PluginManager:220 - loadIPPluginJar : add gic
2026-02-05 18:19:40,538 [INFO] IPUIPlugin:80 - create IPUIPlugin
2026-02-05 18:19:40,538 [INFO] PluginManager:220 - loadIPPluginJar : add extmemmanager
2026-02-05 18:19:40,543 [INFO] IPUIPlugin:80 - create IPUIPlugin
2026-02-05 18:19:40,543 [INFO] PluginManager:220 - loadIPPluginJar : add pdm2pcm
2026-02-05 18:19:40,546 [INFO] IPUIPlugin:80 - create IPUIPlugin
2026-02-05 18:19:40,546 [INFO] PluginManager:220 - loadIPPluginJar : add tim
2026-02-05 18:19:40,549 [INFO] IPUIPlugin:80 - create IPUIPlugin
2026-02-05 18:19:40,550 [INFO] PluginManager:220 - loadIPPluginJar : add dma3
2026-02-05 18:19:40,560 [INFO] IPUIPlugin:80 - create IPUIPlugin
2026-02-05 18:19:40,560 [INFO] PluginManager:220 - loadIPPluginJar : add adc
2026-02-05 18:19:40,570 [INFO] IPUIPlugin:80 - create IPUIPlugin
2026-02-05 18:19:40,570 [INFO] PluginManager:220 - loadIPPluginJar : add stm32_wpan
2026-02-05 18:19:40,573 [INFO] IPUIPlugin:80 - create IPUIPlugin
2026-02-05 18:19:40,573 [INFO] PluginManager:220 - loadIPPluginJar : add tracer_emb
2026-02-05 18:19:40,576 [INFO] IPUIPlugin:80 - create IPUIPlugin
2026-02-05 18:19:40,576 [INFO] PluginManager:220 - loadIPPluginJar : add dfsdm
2026-02-05 18:19:40,580 [INFO] IPUIPlugin:80 - create IPUIPlugin
2026-02-05 18:19:40,581 [INFO] PluginManager:220 - loadIPPluginJar : add i3c
2026-02-05 18:19:40,585 [INFO] IPUIPlugin:80 - create IPUIPlugin
2026-02-05 18:19:40,586 [INFO] PluginManager:220 - loadIPPluginJar : add resmgrutility
2026-02-05 18:19:40,594 [INFO] IPUIPlugin:80 - create IPUIPlugin
2026-02-05 18:19:40,595 [INFO] PluginManager:220 - loadIPPluginJar : add dma
2026-02-05 18:19:40,598 [INFO] IPUIPlugin:80 - create IPUIPlugin
2026-02-05 18:19:40,598 [INFO] PluginManager:220 - loadIPPluginJar : add aes
2026-02-05 18:19:40,600 [INFO] IPUIPlugin:80 - create IPUIPlugin
2026-02-05 18:19:40,601 [INFO] PluginManager:220 - loadIPPluginJar : add quadspi
2026-02-05 18:19:40,604 [INFO] IPUIPlugin:80 - create IPUIPlugin
2026-02-05 18:19:40,604 [INFO] PluginManager:220 - loadIPPluginJar : add gtzc
2026-02-05 18:19:40,608 [INFO] IPUIPlugin:80 - create IPUIPlugin
2026-02-05 18:19:40,608 [INFO] PluginManager:220 - loadIPPluginJar : add spi
2026-02-05 18:19:40,611 [INFO] IPUIPlugin:80 - create IPUIPlugin
2026-02-05 18:19:40,611 [INFO] PluginManager:220 - loadIPPluginJar : add can
2026-02-05 18:19:40,612 [INFO] IPUIPlugin:80 - create IPUIPlugin
2026-02-05 18:19:40,613 [INFO] PluginManager:220 - loadIPPluginJar : add genericplugin
2026-02-05 18:19:40,614 [INFO] IPUIPlugin:80 - create IPUIPlugin
2026-02-05 18:19:40,615 [INFO] PluginManager:220 - loadIPPluginJar : add comp
2026-02-05 18:19:40,617 [INFO] IPUIPlugin:80 - create IPUIPlugin
2026-02-05 18:19:40,618 [INFO] PluginManager:220 - loadIPPluginJar : add gfxmmu
2026-02-05 18:19:40,725 [FATAL] Updater:351 - Updater called before beeing initialized
2026-02-05 18:19:40,757 [INFO] RulesReader:64 - Compatibility file has been processed (317 Rules)
2026-02-05 18:19:40,773 [INFO] RulesReader:64 - Compatibility file has been processed (317 Rules)
2026-02-05 18:19:40,782 [INFO] CADModel:165 - CPN selected for project level
2026-02-05 18:19:40,782 [INFO] CADModel:114 - Register for checkConnection events
2026-02-05 18:19:40,782 [FATAL] Updater:351 - Updater called before beeing initialized
2026-02-05 18:19:40,782 [ERROR] CADModel:125 - Updater not yet initialized, retry later 
2026-02-05 18:19:40,909 [FATAL] Updater:351 - Updater called before beeing initialized
2026-02-05 18:19:40,911 [INFO] CADModel:165 - CPN selected for project level
2026-02-05 18:19:40,911 [INFO] CADModel:114 - Register for checkConnection events
2026-02-05 18:19:40,911 [FATAL] Updater:351 - Updater called before beeing initialized
2026-02-05 18:19:40,911 [ERROR] CADModel:125 - Updater not yet initialized, retry later 
2026-02-05 18:19:40,915 [FATAL] Updater:351 - Updater called before beeing initialized
2026-02-05 18:19:41,015 [FATAL] Updater:351 - Updater called before beeing initialized
2026-02-05 18:19:41,020 [INFO] DbMcusAds:53 - JSON generation date=Thu Jan 08 21:27:51 IST 2026 (1767887871456)
2026-02-05 18:19:41,020 [FATAL] Updater:351 - Updater called before beeing initialized
2026-02-05 18:19:41,061 [WARN] DetailPanel:346 - Failed to get advertising image, set to default
2026-02-05 18:19:41,131 [FATAL] Updater:351 - Updater called before beeing initialized
2026-02-05 18:19:41,133 [FATAL] Updater:351 - Updater called before beeing initialized
2026-02-05 18:19:41,133 [FATAL] Updater:351 - Updater called before beeing initialized
2026-02-05 18:19:41,134 [WARN] DetailPanel:346 - Failed to get advertising image, set to default
2026-02-05 18:19:41,135 [FATAL] Updater:351 - Updater called before beeing initialized
2026-02-05 18:19:41,166 [ERROR] Updater:1198 - MainUpdater not yet initialized. External WinMGr cannot be set.
2026-02-05 18:19:41,168 [INFO] Updater:1134 - Updater Version found : 6.15.0
2026-02-05 18:19:41,191 [INFO] ApplicationProperties:184 - Using Application install path: /opt/st/stm32cubeide_1.19.0/plugins/com.st.stm32cube.common.mx_6.15.0.202507011659
2026-02-05 18:19:41,441 [INFO] MainUpdater:2872 - connection check result : 10
2026-02-05 18:19:41,442 [INFO] MainUpdater:289 - Updater Check For Update Now.
2026-02-05 18:19:41,442 [INFO] MicroXplorer:498 - Change Database Version : DB.6.0.150
2026-02-05 18:19:41,448 [INFO] McuFinderGlobals:63 - Set McuFinder mode to 2 (CubeIDE integrated)
2026-02-05 18:19:41,448 [INFO] UserAuth:171 - activating auth plugin
2026-02-05 18:19:41,453 [INFO] UserAuth:487 - Internet connection configuration mode: 1
2026-02-05 18:19:41,498 [INFO] JxBrowserEngine:152 - Initiate JxBrowser Engine with user profile folder
2026-02-05 18:19:41,666 [INFO] CheckServerUpdateThread:120 - End of CheckServer Thread
2026-02-05 18:19:42,555 [ERROR] LogOutputStream:75 - [STDERR_REDIRECT] 
