../Core/Src/main.c:85:6:Ultrasonic_distance	1
../Core/Src/main.c:96:6:HAL_TIM_IC_CaptureCallback	5
../Core/Src/main.c:133:6:Read_Ultrasonic	2
../Core/Src/main.c:140:10:Read_Temperature	2
../Core/Src/main.c:156:9:Read_MQ2_Digital	2
../Core/Src/main.c:172:5:main	2
../Core/Src/main.c:240:6:SystemClock_Config	3
../Core/Src/main.c:286:13:MX_ADC2_Init	3
../Core/Src/main.c:338:13:MX_CAN1_Init	3
../Core/Src/main.c:388:13:MX_I2C1_Init	2
../Core/Src/main.c:422:13:MX_TIM4_Init	6
../Core/Src/main.c:480:13:MX_USART2_UART_Init	2
../Core/Src/main.c:513:13:MX_GPIO_Init	1
../Core/Src/main.c:560:6:Error_Handler	1
