19:00:10 **** Incremental Build of configuration Debug for project _CAN_Tx ****
make -j8 all 
arm-none-eabi-gcc "../Core/Src/main.c" -mcpu=cortex-m4 -std=gnu11 -g3 -DDEBUG -DUSE_HAL_DRIVER -DSTM32F407xx -c -I../Core/Inc -I../Drivers/STM32F4xx_HAL_Driver/Inc -I../Drivers/STM32F4xx_HAL_Driver/Inc/Legacy -I../Drivers/CMSIS/Device/ST/STM32F4xx/Include -I../Drivers/CMSIS/Include -O0 -ffunction-sections -fdata-sections -Wall -fstack-usage -fcyclomatic-complexity -MMD -MP -MF"Core/Src/main.d" -MT"Core/Src/main.o" --specs=nano.specs -mfpu=fpv4-sp-d16 -mfloat-abi=hard -mthumb -o "Core/Src/main.o"
arm-none-eabi-gcc -o "_CAN_Tx.elf" @"objects.list"   -mcpu=cortex-m4 -T"/home/krushna/CDAC_Project/_CAN_Tx/STM32F407VGTX_FLASH.ld" --specs=nosys.specs -Wl,-Map="_CAN_Tx.map" -Wl,--gc-sections -static --specs=nano.specs -mfpu=fpv4-sp-d16 -mfloat-abi=hard -mthumb -Wl,--start-group -lc -lm -Wl,--end-group
Finished building target: _CAN_Tx.elf
 
arm-none-eabi-size  _CAN_Tx.elf 
arm-none-eabi-objdump -h -S _CAN_Tx.elf  > "_CAN_Tx.list"
   text	   data	    bss	    dec	    hex	filename
  21912	     92	   2132	  24136	   5e48	_CAN_Tx.elf
Finished building: default.size.stdout
 
Finished building: _CAN_Tx.list
 

19:00:11 Build Finished. 0 errors, 0 warnings. (took 444ms)

